// Jest Snapshot v1, https://goo.gl/fbAQLP

exports[`app |Â App | component render should match snapshot 1`] = `
<IntlProvider
  key="en"
  locale="en"
>
  <div />
</IntlProvider>
`;
