// Jest Snapshot v1, https://goo.gl/fbAQLP

exports[`Footer | component render should match snapshot 1`] = `
<Footer
  classes={
    Object {
      "container": "Footer-container-1",
      "item": "Footer-item-2",
    }
  }
/>
`;
