// Jest Snapshot v1, https://goo.gl/fbAQLP

exports[`app |Â pages | LandingPage | component render should match snapshot 1`] = `
<HomePage
  classes={
    Object {
      "wrapper": "HomePage-wrapper-1",
    }
  }
  posts={
    Array [
      Object {
        "content": Object {
          "rendered": "rendered",
        },
        "id": 1,
      },
    ]
  }
/>
`;
