// Jest Snapshot v1, https://goo.gl/fbAQLP

exports[`app |Â App | component render should match snapshot 1`] = `
<div>
  <Switch>
    <Route
      component={[Function]}
      exact={true}
      key="/"
      path="/"
    />
    <Route
      component={[Function]}
      exact={true}
      key="/page2"
      path="/page2"
    />
    <Route
      component={[Function]}
      exact={true}
      key="/page3"
      path="/page3"
    />
    <Route
      component={[Function]}
    />
  </Switch>
</div>
`;
