// Jest Snapshot v1, https://goo.gl/fbAQLP

exports[`app | containers |Â App | constants should match snapshot 1`] = `
Object {
  "DEFAULT_LOCALE": "en",
  "PREFIX": "@@drsa-web-app/",
  "PROD_ENV": "prd",
}
`;
