// Jest Snapshot v1, https://goo.gl/fbAQLP

exports[`app |Â pages | LandingPage | component render should match snapshot 1`] = `
<div>
  <withProps(WithStyles(Header)) />
  <WithStyles(Splash)
    description={
      <FormattedMessage
        defaultMessage="CME Info is a web portal containing all available data and the latest child mortality estimates for each country based on the research of the UN Inter-agency Group for Child Mortality Estimation."
        id="splash.description"
        values={Object {}}
      />
    }
    image="splash.jpg"
    title={
      <FormattedMessage
        defaultMessage="CME Info"
        id="splash.title"
        values={Object {}}
      />
    }
  />
  <WithStyles(Datasets)
    datasets={
      Array [
        Object {
          "description": "Estimates",
          "id": 0,
          "name": "Estimates of under-five, infant and neonatal mortality",
        },
        Object {
          "description": "Estimates",
          "id": 1,
          "name": "Estimates of under-five, infant and neonatal mortality",
        },
        Object {
          "description": "Estimates",
          "id": 2,
          "name": "Estimates of under-five, infant and neonatal mortality",
        },
        Object {
          "description": "Estimates",
          "id": 3,
          "name": "Estimates of under-five, infant and neonatal mortality",
        },
        Object {
          "description": "Estimates",
          "id": 4,
          "name": "Estimates of under-five, infant and neonatal mortality",
        },
        Object {
          "description": "Estimates",
          "id": 5,
          "name": "Estimates of under-five, infant and neonatal mortality",
        },
        Object {
          "description": "Estimates",
          "id": 6,
          "name": "Estimates of under-five, infant and neonatal mortality",
        },
        Object {
          "description": "Estimates",
          "id": 7,
          "name": "Estimates of under-five, infant and neonatal mortality",
        },
        Object {
          "description": "Estimates",
          "id": 8,
          "name": "Estimates of under-five, infant and neonatal mortality",
        },
        Object {
          "description": "Estimates",
          "id": 9,
          "name": "Estimates of under-five, infant and neonatal mortality",
        },
      ]
    }
    title="Global Datasets"
    updatedAt="today or yesterday"
  />
  <WithStyles(Footer) />
</div>
`;
